node.exe : 2026-05-17T11:23:10Z INF Thank you for trying Cloudflare Tunnel. Doing so, without a Cloudflare account, is 
a quick way to experiment and try it out. However, be aware that these account-less Tunnels have no uptime guarantee, 
are subject to the Cloudflare Online Services Terms of Use (https://www.cloudflare.com/website-terms/), and Cloudflare 
reserves the right to investigate your use of Tunnels for violations of such terms. If you intend to use Tunnels in 
production you should use a pre-created named tunnel by following: 
https://developers.cloudflare.com/cloudflare-one/connections/connect-apps
At line:1 char:1
+ & "C:\Program Files\nodejs/node.exe" "C:\Program Files\nodejs/node_mo ...
+ ~~~~~~~~~~~~~~~~~~~~~~~~~~~~~~~~~~~~~~~~~~~~~~~~~~~~~~~~~~~~~~~~~~~~~
    + CategoryInfo          : NotSpecified: (2026-05-17T11:2...ns/connect-apps:String) [], RemoteException
    + FullyQualifiedErrorId : NativeCommandError
 
2026-05-17T11:23:10Z INF Requesting new quick Tunnel on trycloudflare.com...
2026-05-17T11:23:14Z INF +--------------------------------------------------------------------------------------------+
2026-05-17T11:23:14Z INF |  Your quick Tunnel has been created! Visit it at (it may take some time to be reachable):  |
2026-05-17T11:23:14Z INF |  https://declaration-farm-applicable-claims.trycloudflare.com                              |
2026-05-17T11:23:14Z INF +--------------------------------------------------------------------------------------------+
2026-05-17T11:23:14Z INF Cannot determine default configuration path. No file [config.yml config.yaml] in 
[~/.cloudflared ~/.cloudflare-warp ~/cloudflare-warp]
2026-05-17T11:23:14Z INF Version 2026.5.0 (Checksum f141cded099c239171ad2cea6fb5da0fdaa2bd36104c3074d883f9546519eba7)
2026-05-17T11:23:14Z INF GOOS: windows, GOVersion: go1.26.2, GoArch: amd64
2026-05-17T11:23:14Z INF Settings: map[ha-connections:1 protocol:quic url:http://localhost:5173]
2026-05-17T11:23:14Z INF cloudflared will not automatically update on Windows systems.
2026-05-17T11:23:14Z INF Generated Connector ID: db124856-50f9-4b37-b1de-4fd57de84dc0
2026-05-17T11:23:14Z INF Initial protocol quic
2026-05-17T11:23:14Z INF ICMP proxy will use 192.168.1.101 as source for IPv4
2026-05-17T11:23:14Z INF ICMP proxy will use 2405:4802:91be:f7e0:95d9:4504:9cb6:ad4d in zone Wi-Fi as source for IPv6
2026-05-17T11:23:14Z INF cloudflared does not support loading the system root certificate pool on Windows. Please use 
--origin-ca-pool <PATH> to specify the path to the certificate pool
2026-05-17T11:23:14Z INF ICMP proxy will use 192.168.1.101 as source for IPv4
2026-05-17T11:23:14Z INF Tunnel connection curve preferences: [X25519MLKEM768 CurveID(65074) CurveP256] connIndex=0 
event=0 ip=2606:4700:a8::2
2026-05-17T11:23:14Z INF ICMP proxy will use 2405:4802:91be:f7e0:95d9:4504:9cb6:ad4d in zone Wi-Fi as source for IPv6
2026-05-17T11:23:14Z INF Starting metrics server on 127.0.0.1:20243/metrics
2026-05-17T11:23:15Z INF Registered tunnel connection connIndex=0 connection=0602e936-7ccf-4179-bb66-29120d4b7f5f 
event=0 ip=2606:4700:a8::2 location=hkg12 protocol=quic
